#-----------------------------------------------------------
# Vivado v2018.3 (64-bit)
# SW Build 2405991 on Thu Dec  6 23:36:41 MST 2018
# IP Build 2404404 on Fri Dec  7 01:43:56 MST 2018
# Start of session at: Tue Nov 17 19:20:06 2020
# Process ID: 15496
# Current directory: /home/ukallakuri/hardware_design/designs/manchester_tx_rx
# Command line: vivado
# Log file: /home/ukallakuri/hardware_design/designs/manchester_tx_rx/vivado.log
# Journal file: /home/ukallakuri/hardware_design/designs/manchester_tx_rx/vivado.jou
#-----------------------------------------------------------
start_gui
open_project /home/ukallakuri/hardware_design/designs/manchester_tx_rx/manchester_top/manchester_top.xpr
update_compile_order -fileset sources_1
launch_simulation
source manchester_top_tb.tcl
run all
close_sim
launch_simulation
source manchester_top_tb.tcl
close_sim
launch_simulation
source manchester_top_tb.tcl
run all
relaunch_sim
run all
relaunch_sim
run all
relaunch_sim
run all
relaunch_sim
run all
relaunch_sim
run all
relaunch_sim
relaunch_sim
run all
relaunch_sim
run all
relaunch_sim
run all
relaunch_sim
run all
close_sim
launch_simulation
source manchester_top_tb.tcl
run all
close_sim
launch_simulation
source manchester_top_tb.tcl
relaunch_sim
run all
close_sim
launch_simulation
source manchester_top_tb.tcl
close_sim
launch_simulation
source manchester_top_tb.tcl
close_sim
launch_simulation
source manchester_top_tb.tcl
run all
close_sim
launch_simulation
source manchester_top_tb.tcl
run all
relaunch_sim
run all
relaunch_sim
run all
close_sim
launch_simulation
source manchester_top_tb.tcl
run all
relaunch_sim
run all
relaunch_sim
run all
relaunch_sim
run all
relaunch_sim
run all
relaunch_sim
run all
relaunch_sim
run all
close_sim
launch_simulation
source manchester_top_tb.tcl
run all
relaunch_sim
run all
relaunch_sim
run all
relaunch_sim
run all
relaunch_sim
run all
relaunch_sim
run all
relaunch_sim
run all
relaunch_sim
run all
relaunch_sim
run all
relaunch_sim
run all
relaunch_sim
run all
relaunch_sim
run all
relaunch_sim
run all
relaunch_sim
run all
relaunch_sim
run all
relaunch_sim
run all
relaunch_sim
run all
relaunch_sim
add_bp {/home/ukallakuri/hardware_design/designs/manchester_tx_rx/manchester_top/manchester_top.srcs/sim_1/new/manchester_top_tb.v} 92
relaunch_sim
run all
relaunch_sim
run all
relaunch_sim
run all
relaunch_sim
run all
relaunch_sim
run all
relaunch_sim
run all
relaunch_sim
run all
run all
relaunch_sim
run all
relaunch_sim
run all
run all
relaunch_sim
relaunch_sim
run all
remove_bps -file {/home/ukallakuri/hardware_design/designs/manchester_tx_rx/manchester_top/manchester_top.srcs/sim_1/new/manchester_top_tb.v} -line 92
add_bp {/home/ukallakuri/hardware_design/designs/manchester_tx_rx/manchester_top/manchester_top.srcs/sim_1/new/manchester_top_tb.v} 92
remove_bps -file {/home/ukallakuri/hardware_design/designs/manchester_tx_rx/manchester_top/manchester_top.srcs/sim_1/new/manchester_top_tb.v} -line 92
run all
relaunch_sim
run all
relaunch_sim
relaunch_sim
run all
relaunch_sim
relaunch_sim
run all
run all
relaunch_sim
run all
relaunch_sim
run all
relaunch_sim
run all
relaunch_sim
run all
relaunch_sim
relaunch_sim
run all
relaunch_sim
add_bp {/home/ukallakuri/hardware_design/designs/manchester_tx_rx/manchester_top/manchester_top.srcs/sim_1/new/manchester_top_tb.v} 91
add_bp {/home/ukallakuri/hardware_design/designs/manchester_tx_rx/manchester_top/manchester_top.srcs/sim_1/new/manchester_top_tb.v} 92
remove_bps -file {/home/ukallakuri/hardware_design/designs/manchester_tx_rx/manchester_top/manchester_top.srcs/sim_1/new/manchester_top_tb.v} -line 91
relaunch_sim
run all
run 10 us
run 10 us
run 10 us
relaunch_sim
run all
relaunch_sim
run all
relaunch_sim
run all
run all
remove_bps -file {/home/ukallakuri/hardware_design/designs/manchester_tx_rx/manchester_top/manchester_top.srcs/sim_1/new/manchester_top_tb.v} -line 92
relaunch_sim
run all
run all
relaunch_sim
run all
relaunch_sim
run all
relaunch_sim
run all
relaunch_sim
run all
relaunch_sim
run all
relaunch_sim
run all
relaunch_sim
run all
relaunch_sim
run all
relaunch_sim
run all
relaunch_sim
run all
relaunch_sim
run all
run all
relaunch_sim
run all
relaunch_sim
run all
relaunch_sim
run all
relaunch_sim
run all
relaunch_sim
run all
relaunch_sim
run all
relaunch_sim
run all
relaunch_sim
relaunch_sim
run all
relaunch_sim
run all
relaunch_sim
run all
relaunch_sim
relaunch_sim
run all
relaunch_sim
run all
relaunch_sim
run all
relaunch_sim
run all
relaunch_sim
run all
relaunch_sim
run all
relaunch_sim
run all
relaunch_sim
run all
relaunch_sim
run all
close_sim
launch_simulation
source manchester_top_tb.tcl
run all
close_sim
launch_simulation
source manchester_top_tb.tcl
close_sim
launch_simulation
source manchester_top_tb.tcl
run all
relaunch_sim
run all
relaunch_sim
run all
relaunch_sim
run all
relaunch_sim
relaunch_sim
run all
relaunch_sim
run all
relaunch_sim
run all
relaunch_sim
run all
run all
relaunch_sim
run all
relaunch_sim
run all
relaunch_sim
run all
relaunch_sim
run all
relaunch_sim
run all
relaunch_sim
run all
relaunch_sim
run all
relaunch_sim
run all
relaunch_sim
run all
relaunch_sim
run all
relaunch_sim
run all
relaunch_sim
run all
relaunch_sim
run all
relaunch_sim
run all
relaunch_sim
run all
relaunch_sim
run all
relaunch_sim
run all
relaunch_sim
run all
relaunch_sim
run all
save_wave_config {/home/ukallakuri/hardware_design/designs/manchester_tx_rx/manchester_top/manchester_top_tb_behav.wcfg}
add_files -fileset sim_1 -norecurse /home/ukallakuri/hardware_design/designs/manchester_tx_rx/manchester_top/manchester_top_tb_behav.wcfg
set_property xsim.view /home/ukallakuri/hardware_design/designs/manchester_tx_rx/manchester_top/manchester_top_tb_behav.wcfg [get_filesets sim_1]
close_sim
launch_simulation
open_wave_config /home/ukallakuri/hardware_design/designs/manchester_tx_rx/manchester_top/manchester_top_tb_behav.wcfg
source manchester_top_tb.tcl
run all
relaunch_sim
run all
relaunch_sim
run all
relaunch_sim
run all
relaunch_sim
run all
relaunch_sim
run all
relaunch_sim
run all
relaunch_sim
run all
relaunch_sim
run all
relaunch_sim
run all
relaunch_sim
run all
relaunch_sim
run all
relaunch_sim
run all
relaunch_sim
run all
relaunch_sim
run all
relaunch_sim
run all
relaunch_sim
run all
relaunch_sim
run all
relaunch_sim
run all
relaunch_sim
run all
relaunch_sim
run all
relaunch_sim
run all
relaunch_sim
run all
close_sim
reset_run synth_1
launch_runs synth_1 -jobs 2
wait_on_run synth_1
reset_run synth_1
launch_runs synth_1 -jobs 2
wait_on_run synth_1
launch_runs impl_1 -jobs 2
wait_on_run impl_1
open_run impl_1
launch_simulation -mode post-implementation -type timing
open_wave_config /home/ukallakuri/hardware_design/designs/manchester_tx_rx/manchester_top/manchester_top_tb_behav.wcfg
source manchester_top_tb.tcl
run all
close_sim
close_design
launch_simulation
open_wave_config /home/ukallakuri/hardware_design/designs/manchester_tx_rx/manchester_top/manchester_top_tb_behav.wcfg
source manchester_top_tb.tcl
run all
close_sim
launch_simulation
open_wave_config /home/ukallakuri/hardware_design/designs/manchester_tx_rx/manchester_top/manchester_top_tb_behav.wcfg
source manchester_top_tb.tcl
run all
close_sim
launch_simulation
open_wave_config /home/ukallakuri/hardware_design/designs/manchester_tx_rx/manchester_top/manchester_top_tb_behav.wcfg
source manchester_top_tb.tcl
run all
relaunch_sim
run all
relaunch_sim
run all
