#-----------------------------------------------------------
# Vivado v2018.3 (64-bit)
# SW Build 2405991 on Thu Dec  6 23:36:41 MST 2018
# IP Build 2404404 on Fri Dec  7 01:43:56 MST 2018
# Start of session at: Tue Nov  3 10:50:01 2020
# Process ID: 275710
# Current directory: /home/ukallakuri/hardware_design/designs/manchester_tx_rx
# Command line: vivado
# Log file: /home/ukallakuri/hardware_design/designs/manchester_tx_rx/vivado.log
# Journal file: /home/ukallakuri/hardware_design/designs/manchester_tx_rx/vivado.jou
#-----------------------------------------------------------
start_gui
create_project manchester_tx_behavioural /home/ukallakuri/hardware_design/designs/manchester_tx_rx/manchester_tx_behavioural -part xc7a100tcsg324-1
file mkdir /home/ukallakuri/hardware_design/designs/manchester_tx_rx/manchester_tx_behavioural/manchester_tx_behavioural.srcs/sources_1/new
close [ open /home/ukallakuri/hardware_design/designs/manchester_tx_rx/manchester_tx_behavioural/manchester_tx_behavioural.srcs/sources_1/new/manchester_tx_m.v w ]
add_files /home/ukallakuri/hardware_design/designs/manchester_tx_rx/manchester_tx_behavioural/manchester_tx_behavioural.srcs/sources_1/new/manchester_tx_m.v
update_compile_order -fileset sources_1
close [ open /home/ukallakuri/hardware_design/designs/manchester_tx_rx/manchester_tx_behavioural/manchester_tx_behavioural.srcs/sources_1/new/parameters.vh w ]
add_files /home/ukallakuri/hardware_design/designs/manchester_tx_rx/manchester_tx_behavioural/manchester_tx_behavioural.srcs/sources_1/new/parameters.vh
update_compile_order -fileset sources_1
update_compile_order -fileset sources_1
add_files -norecurse /home/ukallakuri/hardware_design/designs/uart/UART_behavioural/UART_behavioural.srcs/sources_1/new/ff.v
update_compile_order -fileset sources_1
update_compile_order -fileset sources_1
file mkdir /home/ukallakuri/hardware_design/designs/manchester_tx_rx/manchester_tx_behavioural/manchester_tx_behavioural.srcs/sim_1/new
set_property SOURCE_SET sources_1 [get_filesets sim_1]
close [ open /home/ukallakuri/hardware_design/designs/manchester_tx_rx/manchester_tx_behavioural/manchester_tx_behavioural.srcs/sim_1/new/manchester_tx_m_tb.v w ]
add_files -fileset sim_1 /home/ukallakuri/hardware_design/designs/manchester_tx_rx/manchester_tx_behavioural/manchester_tx_behavioural.srcs/sim_1/new/manchester_tx_m_tb.v
update_compile_order -fileset sim_1
launch_simulation
source manchester_tx_m_tb.tcl
update_compile_order -fileset sim_1
run all
relaunch_sim
run all
relaunch_sim
run all
relaunch_sim
run all
relaunch_sim
run all
relaunch_sim
run all
relaunch_sim
relaunch_sim
run all
relaunch_sim
run all
relaunch_sim
run all
update_compile_order -fileset sources_1
relaunch_sim
run all
relaunch_sim
run all
save_wave_config {/home/ukallakuri/hardware_design/designs/manchester_tx_rx/manchester_tx_behavioural/manchester_tx_m_tb_behav.wcfg}
add_files -fileset sim_1 -norecurse /home/ukallakuri/hardware_design/designs/manchester_tx_rx/manchester_tx_behavioural/manchester_tx_m_tb_behav.wcfg
set_property xsim.view /home/ukallakuri/hardware_design/designs/manchester_tx_rx/manchester_tx_behavioural/manchester_tx_m_tb_behav.wcfg [get_filesets sim_1]
close_sim
launch_simulation
open_wave_config /home/ukallakuri/hardware_design/designs/manchester_tx_rx/manchester_tx_behavioural/manchester_tx_m_tb_behav.wcfg
source manchester_tx_m_tb.tcl
run all
close_sim
close [ open /home/ukallakuri/hardware_design/designs/manchester_tx_rx/manchester_tx_behavioural/manchester_tx_behavioural.srcs/sources_1/new/manchester_tx_top.v w ]
add_files /home/ukallakuri/hardware_design/designs/manchester_tx_rx/manchester_tx_behavioural/manchester_tx_behavioural.srcs/sources_1/new/manchester_tx_top.v
update_compile_order -fileset sources_1
export_ip_user_files -of_objects  [get_files /home/ukallakuri/hardware_design/designs/uart/UART_behavioural/UART_behavioural.srcs/sources_1/new/ff.v] -no_script -reset -force -quiet
remove_files  /home/ukallakuri/hardware_design/designs/uart/UART_behavioural/UART_behavioural.srcs/sources_1/new/ff.v
add_files -norecurse /home/ukallakuri/hardware_design/designs/uart/UART_behavioural/UART_behavioural.srcs/sources_1/new/ram_dp__sim_par.v
update_compile_order -fileset sources_1
update_compile_order -fileset sources_1
update_compile_order -fileset sources_1
update_compile_order -fileset sources_1
set_property SOURCE_SET sources_1 [get_filesets sim_1]
close [ open /home/ukallakuri/hardware_design/designs/manchester_tx_rx/manchester_tx_behavioural/manchester_tx_behavioural.srcs/sim_1/new/manchester_tx_top_tb.v w ]
add_files -fileset sim_1 /home/ukallakuri/hardware_design/designs/manchester_tx_rx/manchester_tx_behavioural/manchester_tx_behavioural.srcs/sim_1/new/manchester_tx_top_tb.v
update_compile_order -fileset sim_1
# Disabling source management mode.  This is to allow the top design properties to be set without GUI intervention.
set_property source_mgmt_mode None [current_project]
set_property top manchester_tx_top_tb [get_filesets sim_1]
set_property top_lib xil_defaultlib [get_filesets sim_1]
# Re-enabling previously disabled source management mode.
set_property source_mgmt_mode All [current_project]
update_compile_order -fileset sim_1
set_property is_enabled false [get_files  /home/ukallakuri/hardware_design/designs/manchester_tx_rx/manchester_tx_behavioural/manchester_tx_m_tb_behav.wcfg]
launch_simulation
source manchester_tx_top_tb.tcl
run all
close [ open /home/ukallakuri/hardware_design/designs/manchester_tx_rx/manchester_tx_behavioural/manchester_tx_behavioural.srcs/sources_1/new/data.mem w ]
add_files /home/ukallakuri/hardware_design/designs/manchester_tx_rx/manchester_tx_behavioural/manchester_tx_behavioural.srcs/sources_1/new/data.mem
relaunch_sim
run all
relaunch_sim
run all
relaunch_sim
run all
relaunch_sim
run all
relaunch_sim
run all
relaunch_sim
run all
relaunch_sim
run all
relaunch_sim
run all
relaunch_sim
run all
relaunch_sim
run all
relaunch_sim
run all
relaunch_sim
run all
relaunch_sim
run all
relaunch_sim
run all
relaunch_sim
run all
relaunch_sim
run all
close_sim
# Disabling source management mode.  This is to allow the top design properties to be set without GUI intervention.
set_property source_mgmt_mode None [current_project]
set_property top manchester_tx_m_tb [get_filesets sim_1]
set_property top_lib xil_defaultlib [get_filesets sim_1]
# Re-enabling previously disabled source management mode.
set_property source_mgmt_mode All [current_project]
update_compile_order -fileset sim_1
launch_simulation
source manchester_tx_m_tb.tcl
run all
relaunch_sim
run all
relaunch_sim
run all
relaunch_sim
run all
relaunch_sim
run all
relaunch_sim
run all
relaunch_sim
run all
close_sim
# Disabling source management mode.  This is to allow the top design properties to be set without GUI intervention.
set_property source_mgmt_mode None [current_project]
set_property top manchester_tx_top_tb [get_filesets sim_1]
set_property top_lib xil_defaultlib [get_filesets sim_1]
# Re-enabling previously disabled source management mode.
set_property source_mgmt_mode All [current_project]
update_compile_order -fileset sim_1
launch_simulation
source manchester_tx_top_tb.tcl
run all
relaunch_sim
run all
relaunch_sim
run all
close_sim
launch_simulation
source manchester_tx_top_tb.tcl
relaunch_sim
relaunch_sim
run all
relaunch_sim
run all
relaunch_sim
run all
save_wave_config {/home/ukallakuri/hardware_design/designs/manchester_tx_rx/manchester_tx_behavioural/manchester_tx_top_tb_behav.wcfg}
add_files -fileset sim_1 -norecurse /home/ukallakuri/hardware_design/designs/manchester_tx_rx/manchester_tx_behavioural/manchester_tx_top_tb_behav.wcfg
set_property xsim.view {/home/ukallakuri/hardware_design/designs/manchester_tx_rx/manchester_tx_behavioural/manchester_tx_m_tb_behav.wcfg /home/ukallakuri/hardware_design/designs/manchester_tx_rx/manchester_tx_behavioural/manchester_tx_top_tb_behav.wcfg} [get_filesets sim_1]
close_sim
# Disabling source management mode.  This is to allow the top design properties to be set without GUI intervention.
set_property source_mgmt_mode None [current_project]
set_property top manchester_tx_m_tb [get_filesets sim_1]
set_property top_lib xil_defaultlib [get_filesets sim_1]
# Re-enabling previously disabled source management mode.
set_property source_mgmt_mode All [current_project]
update_compile_order -fileset sim_1
launch_simulation
open_wave_config /home/ukallakuri/hardware_design/designs/manchester_tx_rx/manchester_tx_behavioural/manchester_tx_top_tb_behav.wcfg
source manchester_tx_m_tb.tcl
run all
close_sim
launch_simulation
open_wave_config /home/ukallakuri/hardware_design/designs/manchester_tx_rx/manchester_tx_behavioural/manchester_tx_top_tb_behav.wcfg
source manchester_tx_m_tb.tcl
relaunch_sim
run all
relaunch_sim
run all
relaunch_sim
run all
relaunch_sim
run all
close_sim
# Disabling source management mode.  This is to allow the top design properties to be set without GUI intervention.
set_property source_mgmt_mode None [current_project]
set_property top manchester_tx_top_tb [get_filesets sim_1]
set_property top_lib xil_defaultlib [get_filesets sim_1]
# Re-enabling previously disabled source management mode.
set_property source_mgmt_mode All [current_project]
update_compile_order -fileset sim_1
launch_simulation
launch_simulation
open_wave_config /home/ukallakuri/hardware_design/designs/manchester_tx_rx/manchester_tx_behavioural/manchester_tx_top_tb_behav.wcfg
source manchester_tx_top_tb.tcl
run all
relaunch_sim
run all
relaunch_sim
run all
relaunch_sim
run all
close_sim
# Disabling source management mode.  This is to allow the top design properties to be set without GUI intervention.
set_property source_mgmt_mode None [current_project]
set_property top manchester_tx_m_tb [get_filesets sim_1]
set_property top_lib xil_defaultlib [get_filesets sim_1]
# Re-enabling previously disabled source management mode.
set_property source_mgmt_mode All [current_project]
update_compile_order -fileset sim_1
launch_simulation
open_wave_config /home/ukallakuri/hardware_design/designs/manchester_tx_rx/manchester_tx_behavioural/manchester_tx_top_tb_behav.wcfg
source manchester_tx_m_tb.tcl
relaunch_sim
run all
relaunch_sim
run all
relaunch_sim
run all
relaunch_sim
run all
relaunch_sim
run all
close_sim
# Disabling source management mode.  This is to allow the top design properties to be set without GUI intervention.
set_property source_mgmt_mode None [current_project]
set_property top manchester_tx_top_tb [get_filesets sim_1]
set_property top_lib xil_defaultlib [get_filesets sim_1]
# Re-enabling previously disabled source management mode.
set_property source_mgmt_mode All [current_project]
update_compile_order -fileset sim_1
launch_simulation
open_wave_config /home/ukallakuri/hardware_design/designs/manchester_tx_rx/manchester_tx_behavioural/manchester_tx_top_tb_behav.wcfg
source manchester_tx_top_tb.tcl
run all
relaunch_sim
run all
relaunch_sim
run all
close_sim
close [ open /home/ukallakuri/hardware_design/designs/manchester_tx_rx/manchester_tx_behavioural/manchester_tx_behavioural.srcs/sources_1/new/test.v w ]
add_files /home/ukallakuri/hardware_design/designs/manchester_tx_rx/manchester_tx_behavioural/manchester_tx_behavioural.srcs/sources_1/new/test.v
update_compile_order -fileset sources_1
set_property SOURCE_SET sources_1 [get_filesets sim_1]
close [ open /home/ukallakuri/hardware_design/designs/manchester_tx_rx/manchester_tx_behavioural/manchester_tx_behavioural.srcs/sim_1/new/test_tb.v w ]
add_files -fileset sim_1 /home/ukallakuri/hardware_design/designs/manchester_tx_rx/manchester_tx_behavioural/manchester_tx_behavioural.srcs/sim_1/new/test_tb.v
update_compile_order -fileset sim_1
launch_simulation
open_wave_config /home/ukallakuri/hardware_design/designs/manchester_tx_rx/manchester_tx_behavioural/manchester_tx_top_tb_behav.wcfg
source manchester_tx_top_tb.tcl
run all
relaunch_sim
run all
close_sim
# Disabling source management mode.  This is to allow the top design properties to be set without GUI intervention.
set_property source_mgmt_mode None [current_project]
set_property top test_tb [get_filesets sim_1]
set_property top_lib xil_defaultlib [get_filesets sim_1]
# Re-enabling previously disabled source management mode.
set_property source_mgmt_mode All [current_project]
update_compile_order -fileset sim_1
launch_simulation
open_wave_config /home/ukallakuri/hardware_design/designs/manchester_tx_rx/manchester_tx_behavioural/manchester_tx_top_tb_behav.wcfg
source test_tb.tcl
relaunch_sim
close_sim
# Disabling source management mode.  This is to allow the top design properties to be set without GUI intervention.
set_property source_mgmt_mode None [current_project]
set_property top manchester_tx_m_tb [get_filesets sim_1]
set_property top_lib xil_defaultlib [get_filesets sim_1]
# Re-enabling previously disabled source management mode.
set_property source_mgmt_mode All [current_project]
update_compile_order -fileset sim_1
launch_simulation
open_wave_config /home/ukallakuri/hardware_design/designs/manchester_tx_rx/manchester_tx_behavioural/manchester_tx_top_tb_behav.wcfg
source manchester_tx_m_tb.tcl
relaunch_sim
run all
close_sim
# Disabling source management mode.  This is to allow the top design properties to be set without GUI intervention.
set_property source_mgmt_mode None [current_project]
set_property top manchester_tx_top_tb [get_filesets sim_1]
set_property top_lib xil_defaultlib [get_filesets sim_1]
# Re-enabling previously disabled source management mode.
set_property source_mgmt_mode All [current_project]
update_compile_order -fileset sim_1
launch_simulation
open_wave_config /home/ukallakuri/hardware_design/designs/manchester_tx_rx/manchester_tx_behavioural/manchester_tx_top_tb_behav.wcfg
source manchester_tx_top_tb.tcl
run all
relaunch_sim
run all
relaunch_sim
run all
relaunch_sim
run all
relaunch_sim
run all
relaunch_sim
run all
relaunch_sim
run all
relaunch_sim
run all
relaunch_sim
run all
close_sim
launch_simulation
open_wave_config /home/ukallakuri/hardware_design/designs/manchester_tx_rx/manchester_tx_behavioural/manchester_tx_top_tb_behav.wcfg
source manchester_tx_top_tb.tcl
run all
relaunch_sim
run all
relaunch_sim
run all
close_sim
export_ip_user_files -of_objects  [get_files /home/ukallakuri/hardware_design/designs/manchester_tx_rx/manchester_tx_behavioural/manchester_tx_behavioural.srcs/sources_1/new/test.v] -no_script -reset -force -quiet
remove_files  /home/ukallakuri/hardware_design/designs/manchester_tx_rx/manchester_tx_behavioural/manchester_tx_behavioural.srcs/sources_1/new/test.v
export_ip_user_files -of_objects  [get_files /home/ukallakuri/hardware_design/designs/manchester_tx_rx/manchester_tx_behavioural/manchester_tx_behavioural.srcs/sim_1/new/test_tb.v] -no_script -reset -force -quiet
remove_files  -fileset sim_1 /home/ukallakuri/hardware_design/designs/manchester_tx_rx/manchester_tx_behavioural/manchester_tx_behavioural.srcs/sim_1/new/test_tb.v
file delete -force /home/ukallakuri/hardware_design/designs/manchester_tx_rx/manchester_tx_behavioural/manchester_tx_behavioural.srcs/sim_1/new/test_tb.v
export_ip_user_files -of_objects  [get_files /home/ukallakuri/hardware_design/designs/manchester_tx_rx/manchester_tx_behavioural/manchester_tx_m_tb_behav.wcfg] -no_script -reset -force -quiet
remove_files  -fileset sim_1 /home/ukallakuri/hardware_design/designs/manchester_tx_rx/manchester_tx_behavioural/manchester_tx_m_tb_behav.wcfg
export_ip_user_files -of_objects  [get_files /home/ukallakuri/hardware_design/designs/manchester_tx_rx/manchester_tx_behavioural/manchester_tx_top_tb_behav.wcfg] -no_script -reset -force -quiet
remove_files  -fileset sim_1 /home/ukallakuri/hardware_design/designs/manchester_tx_rx/manchester_tx_behavioural/manchester_tx_top_tb_behav.wcfg
launch_runs synth_1 -jobs 2
wait_on_run synth_1
reset_run synth_1
launch_runs synth_1 -jobs 2
wait_on_run synth_1
reset_run synth_1
launch_runs synth_1 -jobs 2
wait_on_run synth_1
synth_design -rtl -name rtl_1
close_design
reset_run synth_1
launch_simulation
source manchester_tx_top_tb.tcl
run all
close_sim
launch_runs synth_1 -jobs 2
wait_on_run synth_1
launch_simulation
source manchester_tx_top_tb.tcl
run all
close_sim
reset_run synth_1
launch_runs synth_1 -jobs 2
wait_on_run synth_1
reset_run synth_1
launch_runs synth_1 -jobs 2
wait_on_run synth_1
reset_run synth_1
launch_simulation
source manchester_tx_top_tb.tcl
run all
close_sim
launch_runs synth_1 -jobs 2
wait_on_run synth_1
launch_simulation -mode post-synthesis -type functional
source manchester_tx_top_tb.tcl
run all
close_sim
close_design
launch_runs impl_1 -jobs 2
wait_on_run impl_1
